// Jest Snapshot v1, https://goo.gl/fbAQLP

exports[`with redux 1`] = `"<div class=\\"\\"><span class=\\"taro-text\\">Hello, World</span></div>"`;
